// Jest Snapshot v1, https://goo.gl/fbAQLP

exports[`preset generateTypeScriptCode outputs TypeScript code when the flag is true 1`] = `
"import { TypePolicy } from '@apollo/client';
import { withCacheUpdaterInternal } from '@nau/core';

export const paginationMetaList = [{ node: { typename: 'Item' }, parents: [{ typename: 'User', connection: { fieldName: 'items' }, edge: { typename: 'ItemEdge' } }] }];

export const deleteRecordMetaList = [{ parent: { typename: 'RemovedItem' }, fields: [{ fieldName: 'id', typename: 'Item' }] }, { parent: { typename: 'ItemRemovedPayload' }, fields: [{ fieldName: 'id', typename: 'Item' }] }];

export type CacheUpdaterTypePolicies = {
  User: TypePolicy;
  [__typename: string]: TypePolicy;
};

export const withCacheUpdater = (typePolicies: CacheUpdaterTypePolicies) =>
  withCacheUpdaterInternal({
    paginationMetaList,
    deleteRecordMetaList,
    typePolicies,
  });"
`;
