// Jest Snapshot v1, https://goo.gl/fbAQLP

exports[`cache-updater-support generatePaginationMetaList generates a paginationMetaList from documents 1`] = `
Object {
  "content": "export const paginationMetaList = [{ node: { typename: 'Item' }, parents: [{ typename: 'Query', connection: { fieldName: 'items' }, edge: { typename: 'ItemEdge' } }, { typename: 'User', connection: { fieldName: 'items' }, edge: { typename: 'ItemEdge' } }] }]",
}
`;
